<?xml version="1.0" encoding="UTF-8"?>
<TestRun id="ed96e8eb-3049-41b1-8d72-56e5cd085de6" name="AHMEDK@DWNPC002 2012-08-27 09:30:29" runUser="DIALOGGROUP\AHMEDK" xmlns="http://microsoft.com/schemas/VisualStudio/TeamTest/2010">
  <TestSettings name="Default Test Settings" id="106e4f43-1369-41f7-b698-958e8da69f0d">
    <Deployment runDeploymentRoot="AHMEDK_DWNPC002 2012-08-27 09_30_29">
      <DeploymentItem filename="C:\plst-MVC2\1.Introduction\MvcDemo\MvcDemo\bin\MvcDemo.dll" />
    </Deployment>
    <Execution>
      <TestTypeSpecific />
      <AgentRule name="Execution Agents">
      </AgentRule>
    </Execution>
  </TestSettings>
  <Times creation="2012-08-27T09:30:29.0442259+09:30" queuing="2012-08-27T09:30:29.8503065+09:30" start="2012-08-27T09:30:29.9223137+09:30" finish="2012-08-27T09:30:30.3533568+09:30" />
  <ResultSummary outcome="Completed">
    <Counters total="1" executed="1" passed="1" error="0" failed="0" timeout="0" aborted="0" inconclusive="0" passedButRunAborted="0" notRunnable="0" notExecuted="0" disconnected="0" warning="0" completed="0" inProgress="0" pending="0" />
  </ResultSummary>
  <TestDefinitions>
    <UnitTest name="Index" storage="c:\plst-mvc2\1.introduction\mvcdemo\mvcdemo.tests\bin\debug\mvcdemo.tests.dll" id="44e7241d-5244-7605-83f8-5bbd391887f8">
      <Execution id="7b8dd42d-c22b-4072-9bec-3a2cc9581f7f" />
      <TestMethod codeBase="C:/plst-MVC2/1.Introduction/MvcDemo/MvcDemo.Tests/bin/Debug/MvcDemo.Tests.DLL" adapterTypeName="Microsoft.VisualStudio.TestTools.TestTypes.Unit.UnitTestAdapter, Microsoft.VisualStudio.QualityTools.Tips.UnitTest.Adapter, Version=10.0.0.0, Culture=neutral, PublicKeyToken=b03f5f7f11d50a3a" className="MvcDemo.Tests.Controllers.HomeControllerTest, MvcDemo.Tests, Version=1.0.0.0, Culture=neutral, PublicKeyToken=null" name="Index" />
    </UnitTest>
  </TestDefinitions>
  <TestLists>
    <TestList name="Results Not in a List" id="8c84fa94-04c1-424b-9868-57a2d4851a1d" />
    <TestList name="All Loaded Results" id="19431567-8539-422a-85d7-44ee4e166bda" />
  </TestLists>
  <TestEntries>
    <TestEntry testId="44e7241d-5244-7605-83f8-5bbd391887f8" executionId="7b8dd42d-c22b-4072-9bec-3a2cc9581f7f" testListId="8c84fa94-04c1-424b-9868-57a2d4851a1d" />
  </TestEntries>
  <Results>
    <UnitTestResult executionId="7b8dd42d-c22b-4072-9bec-3a2cc9581f7f" testId="44e7241d-5244-7605-83f8-5bbd391887f8" testName="Index" computerName="DWNPC002" duration="00:00:00.0178758" startTime="2012-08-27T09:30:29.9473162+09:30" endTime="2012-08-27T09:30:30.2843499+09:30" testType="13cdc9d9-ddb5-4fa4-a97d-d965ccfc6d4b" outcome="Passed" testListId="8c84fa94-04c1-424b-9868-57a2d4851a1d" relativeResultsDirectory="7b8dd42d-c22b-4072-9bec-3a2cc9581f7f">
    </UnitTestResult>
  </Results>
</TestRun>